
Memory Configuration

Name             Origin             Length             Attributes
flash            0x08000000         0x00020000         xr
sram             0x20000000         0x00005000         xrw
*default*        0x00000000         0xffffffff

Linker script and memory map


.text           0x08000000      0x1c8
 *(.vectors*)
 .vectors       0x08000000       0x50 startup.o
                0x08000000                vectors
 *(.text*)
 .text          0x08000050       0xb8 app.o
                0x08000050                main
 .text          0x08000108       0xbc startup.o
                0x08000108                FLASH_Handler
                0x08000108                SVCall_Handler
                0x08000108                PendSV_Handler
                0x08000108                NMI_Handler
                0x08000108                Bus_Fault_Handler
                0x08000108                WWDG_Handler
                0x08000108                H_Fault_Handler
                0x08000108                RTC_Handler
                0x08000108                MM_Fault_Handler
                0x08000108                EXTI1_Handler
                0x08000108                TAMPER_Handler
                0x08000108                Debug_MOnitor_Handler
                0x08000108                EXTI2_Handler
                0x08000108                Default_Handler
                0x08000108                EXTI0_Handler
                0x08000108                Usage_Fault_Handler
                0x08000108                RCC_Handler
                0x08000108                PVD_Handler
                0x08000108                SYS_Tick_Handler
                0x08000114                Reset_Handler
 *(.rodata)
 .rodata        0x080001c4        0x4 app.o
                0x080001c4                const_g_var
                0x080001c8                _E_text = .

.glue_7         0x080001c8        0x0
 .glue_7        0x00000000        0x0 linker stubs

.glue_7t        0x080001c8        0x0
 .glue_7t       0x00000000        0x0 linker stubs

.vfp11_veneer   0x080001c8        0x0
 .vfp11_veneer  0x00000000        0x0 linker stubs

.v4_bx          0x080001c8        0x0
 .v4_bx         0x00000000        0x0 linker stubs

.iplt           0x080001c8        0x0
 .iplt          0x00000000        0x0 app.o

.rel.dyn        0x080001c8        0x0
 .rel.iplt      0x00000000        0x0 app.o

.data           0x20000000        0x8 load address 0x080001c8
                0x20000000                _S_data = .
 *(.data)
 .data          0x20000000        0x8 app.o
                0x20000000                R_ODR
                0x20000004                g_var
 .data          0x20000008        0x0 startup.o
                0x20000008                . = ALIGN (0x4)
                0x20000008                _E_data = .
                0x20000008                . = ALIGN (0x4)

.igot.plt       0x20000008        0x0 load address 0x080001d0
 .igot.plt      0x00000000        0x0 app.o

.bss            0x20000008     0x1004 load address 0x080001d0
                0x20000008                _S_bss = .
 *(.bss*)
 .bss           0x20000008        0x1 app.o
 .bss           0x20000009        0x0 startup.o
                0x2000000c                . = ALIGN (0x4)
 *fill*         0x20000009        0x3 
                0x2000000c                _E_bss = .
                0x2000000c                . = ALIGN (0x4)
                0x2000100c                . = (. + 0x1000)
 *fill*         0x2000000c     0x1000 
                0x2000100c                _stack_top = .
LOAD app.o
LOAD startup.o
OUTPUT(lab3_cotrexM3.elf elf32-littlearm)

.debug_info     0x00000000      0x2f4
 .debug_info    0x00000000      0x17a app.o
 .debug_info    0x0000017a      0x17a startup.o

.debug_abbrev   0x00000000      0x1a7
 .debug_abbrev  0x00000000       0xe5 app.o
 .debug_abbrev  0x000000e5       0xc2 startup.o

.debug_loc      0x00000000       0x9c
 .debug_loc     0x00000000       0x38 app.o
 .debug_loc     0x00000038       0x64 startup.o

.debug_aranges  0x00000000       0x40
 .debug_aranges
                0x00000000       0x20 app.o
 .debug_aranges
                0x00000020       0x20 startup.o

.debug_line     0x00000000      0x115
 .debug_line    0x00000000       0x9e app.o
 .debug_line    0x0000009e       0x77 startup.o

.debug_str      0x00000000      0x188
 .debug_str     0x00000000       0xf8 app.o
                                0x140 (size before relaxing)
 .debug_str     0x000000f8       0x90 startup.o
                                0x168 (size before relaxing)

.comment        0x00000000       0x11
 .comment       0x00000000       0x11 app.o
                                 0x12 (size before relaxing)
 .comment       0x00000000       0x12 startup.o

.ARM.attributes
                0x00000000       0x33
 .ARM.attributes
                0x00000000       0x33 app.o
 .ARM.attributes
                0x00000033       0x33 startup.o

.debug_frame    0x00000000       0x78
 .debug_frame   0x00000000       0x2c app.o
 .debug_frame   0x0000002c       0x4c startup.o
