Archive member included to satisfy reference by file (symbol)

c:/st/stm32cubeide_1.4.0/stm32cubeide/plugins/com.st.stm32cube.ide.mcu.externaltools.gnu-tools-for-stm32.7-2018-q2-update.win32_1.4.0.202007081208/tools/bin/../lib/gcc/arm-none-eabi/7.3.1/../../../../arm-none-eabi/lib/thumb/v7-m\libc_nano.a(lib_a-errno.o)
                              Src/syscalls.o (__errno)
c:/st/stm32cubeide_1.4.0/stm32cubeide/plugins/com.st.stm32cube.ide.mcu.externaltools.gnu-tools-for-stm32.7-2018-q2-update.win32_1.4.0.202007081208/tools/bin/../lib/gcc/arm-none-eabi/7.3.1/../../../../arm-none-eabi/lib/thumb/v7-m\libc_nano.a(lib_a-exit.o)
                              c:/st/stm32cubeide_1.4.0/stm32cubeide/plugins/com.st.stm32cube.ide.mcu.externaltools.gnu-tools-for-stm32.7-2018-q2-update.win32_1.4.0.202007081208/tools/bin/../lib/gcc/arm-none-eabi/7.3.1/../../../../arm-none-eabi/lib/thumb/v7-m/crt0.o (exit)
c:/st/stm32cubeide_1.4.0/stm32cubeide/plugins/com.st.stm32cube.ide.mcu.externaltools.gnu-tools-for-stm32.7-2018-q2-update.win32_1.4.0.202007081208/tools/bin/../lib/gcc/arm-none-eabi/7.3.1/../../../../arm-none-eabi/lib/thumb/v7-m\libc_nano.a(lib_a-impure.o)
                              c:/st/stm32cubeide_1.4.0/stm32cubeide/plugins/com.st.stm32cube.ide.mcu.externaltools.gnu-tools-for-stm32.7-2018-q2-update.win32_1.4.0.202007081208/tools/bin/../lib/gcc/arm-none-eabi/7.3.1/../../../../arm-none-eabi/lib/thumb/v7-m\libc_nano.a(lib_a-exit.o) (_global_impure_ptr)
c:/st/stm32cubeide_1.4.0/stm32cubeide/plugins/com.st.stm32cube.ide.mcu.externaltools.gnu-tools-for-stm32.7-2018-q2-update.win32_1.4.0.202007081208/tools/bin/../lib/gcc/arm-none-eabi/7.3.1/../../../../arm-none-eabi/lib/thumb/v7-m\libc_nano.a(lib_a-init.o)
                              c:/st/stm32cubeide_1.4.0/stm32cubeide/plugins/com.st.stm32cube.ide.mcu.externaltools.gnu-tools-for-stm32.7-2018-q2-update.win32_1.4.0.202007081208/tools/bin/../lib/gcc/arm-none-eabi/7.3.1/../../../../arm-none-eabi/lib/thumb/v7-m/crt0.o (__libc_init_array)
c:/st/stm32cubeide_1.4.0/stm32cubeide/plugins/com.st.stm32cube.ide.mcu.externaltools.gnu-tools-for-stm32.7-2018-q2-update.win32_1.4.0.202007081208/tools/bin/../lib/gcc/arm-none-eabi/7.3.1/../../../../arm-none-eabi/lib/thumb/v7-m\libc_nano.a(lib_a-memset.o)
                              c:/st/stm32cubeide_1.4.0/stm32cubeide/plugins/com.st.stm32cube.ide.mcu.externaltools.gnu-tools-for-stm32.7-2018-q2-update.win32_1.4.0.202007081208/tools/bin/../lib/gcc/arm-none-eabi/7.3.1/../../../../arm-none-eabi/lib/thumb/v7-m/crt0.o (memset)
c:/st/stm32cubeide_1.4.0/stm32cubeide/plugins/com.st.stm32cube.ide.mcu.externaltools.gnu-tools-for-stm32.7-2018-q2-update.win32_1.4.0.202007081208/tools/bin/../lib/gcc/arm-none-eabi/7.3.1/../../../../arm-none-eabi/lib/thumb/v7-m\libc_nano.a(lib_a-sprintf.o)
                              HAL/LCD/LCD.o (sprintf)
c:/st/stm32cubeide_1.4.0/stm32cubeide/plugins/com.st.stm32cube.ide.mcu.externaltools.gnu-tools-for-stm32.7-2018-q2-update.win32_1.4.0.202007081208/tools/bin/../lib/gcc/arm-none-eabi/7.3.1/../../../../arm-none-eabi/lib/thumb/v7-m\libc_nano.a(lib_a-nano-svfprintf.o)
                              c:/st/stm32cubeide_1.4.0/stm32cubeide/plugins/com.st.stm32cube.ide.mcu.externaltools.gnu-tools-for-stm32.7-2018-q2-update.win32_1.4.0.202007081208/tools/bin/../lib/gcc/arm-none-eabi/7.3.1/../../../../arm-none-eabi/lib/thumb/v7-m\libc_nano.a(lib_a-sprintf.o) (_svfprintf_r)
c:/st/stm32cubeide_1.4.0/stm32cubeide/plugins/com.st.stm32cube.ide.mcu.externaltools.gnu-tools-for-stm32.7-2018-q2-update.win32_1.4.0.202007081208/tools/bin/../lib/gcc/arm-none-eabi/7.3.1/../../../../arm-none-eabi/lib/thumb/v7-m\libc_nano.a(lib_a-nano-vfprintf_i.o)
                              c:/st/stm32cubeide_1.4.0/stm32cubeide/plugins/com.st.stm32cube.ide.mcu.externaltools.gnu-tools-for-stm32.7-2018-q2-update.win32_1.4.0.202007081208/tools/bin/../lib/gcc/arm-none-eabi/7.3.1/../../../../arm-none-eabi/lib/thumb/v7-m\libc_nano.a(lib_a-nano-svfprintf.o) (_printf_i)
c:/st/stm32cubeide_1.4.0/stm32cubeide/plugins/com.st.stm32cube.ide.mcu.externaltools.gnu-tools-for-stm32.7-2018-q2-update.win32_1.4.0.202007081208/tools/bin/../lib/gcc/arm-none-eabi/7.3.1/../../../../arm-none-eabi/lib/thumb/v7-m\libc_nano.a(lib_a-memchr-stub.o)
                              c:/st/stm32cubeide_1.4.0/stm32cubeide/plugins/com.st.stm32cube.ide.mcu.externaltools.gnu-tools-for-stm32.7-2018-q2-update.win32_1.4.0.202007081208/tools/bin/../lib/gcc/arm-none-eabi/7.3.1/../../../../arm-none-eabi/lib/thumb/v7-m\libc_nano.a(lib_a-nano-svfprintf.o) (memchr)
c:/st/stm32cubeide_1.4.0/stm32cubeide/plugins/com.st.stm32cube.ide.mcu.externaltools.gnu-tools-for-stm32.7-2018-q2-update.win32_1.4.0.202007081208/tools/bin/../lib/gcc/arm-none-eabi/7.3.1/../../../../arm-none-eabi/lib/thumb/v7-m\libc_nano.a(lib_a-memcpy-stub.o)
[...]
Memory Configuration

Name             Origin             Length             Attributes
RAM              0x0000000020000000 0x0000000000002800 xrw
ROM              0x0000000008000000 0x0000000000008000 xr
*default*        0x0000000000000000 0xffffffffffffffff

Linker script and memory map

LOAD c:/st/stm32cubeide_1.4.0/stm32cubeide/plugins/com.st.stm32cube.ide.mcu.externaltools.gnu-tools-for-stm32.7-2018-q2-update.win32_1.4.0.202007081208/tools/bin/../lib/gcc/arm-none-eabi/7.3.1/thumb/v7-m/crti.o
LOAD c:/st/stm32cubeide_1.4.0/stm32cubeide/plugins/com.st.stm32cube.ide.mcu.externaltools.gnu-tools-for-stm32.7-2018-q2-update.win32_1.4.0.202007081208/tools/bin/../lib/gcc/arm-none-eabi/7.3.1/thumb/v7-m/crtbegin.o
LOAD c:/st/stm32cubeide_1.4.0/stm32cubeide/plugins/com.st.stm32cube.ide.mcu.externaltools.gnu-tools-for-stm32.7-2018-q2-update.win32_1.4.0.202007081208/tools/bin/../lib/gcc/arm-none-eabi/7.3.1/../../../../arm-none-eabi/lib/thumb/v7-m/crt0.o
LOAD HAL/KeyPad/KEYPAD.o
LOAD HAL/LCD/LCD.o
LOAD Src/main.o
LOAD Src/syscalls.o
LOAD Src/sysmem.o
LOAD Startup/startup_stm32f103c6tx.o
LOAD stm32f103c6_Drivers/EXTI/stm32f103c6_EXTI.o
LOAD stm32f103c6_Drivers/GPIO_Driver/stm32f103c6_GPIO_Driver.o
START GROUP
LOAD c:/st/stm32cubeide_1.4.0/stm32cubeide/plugins/com.st.stm32cube.ide.mcu.externaltools.gnu-tools-for-stm32.7-2018-q2-update.win32_1.4.0.202007081208/tools/bin/../lib/gcc/arm-none-eabi/7.3.1/../../../../arm-none-eabi/lib/thumb/v7-m\libc_nano.a
LOAD c:/st/stm32cubeide_1.4.0/stm32cubeide/plugins/com.st.stm32cube.ide.mcu.externaltools.gnu-tools-for-stm32.7-2018-q2-update.win32_1.4.0.202007081208/tools/bin/../lib/gcc/arm-none-eabi/7.3.1/../../../../arm-none-eabi/lib/thumb/v7-m\libm.a
END GROUP
START GROUP
LOAD c:/st/stm32cubeide_1.4.0/stm32cubeide/plugins/com.st.stm32cube.ide.mcu.externaltools.gnu-tools-for-stm32.7-2018-q2-update.win32_1.4.0.202007081208/tools/bin/../lib/gcc/arm-none-eabi/7.3.1/thumb/v7-m\libgcc.a
LOAD c:/st/stm32cubeide_1.4.0/stm32cubeide/plugins/com.st.stm32cube.ide.mcu.externaltools.gnu-tools-for-stm32.7-2018-q2-update.win32_1.4.0.202007081208/tools/bin/../lib/gcc/arm-none-eabi/7.3.1/../../../../arm-none-eabi/lib/thumb/v7-m\libg_nano.a
LOAD c:/st/stm32cubeide_1.4.0/stm32cubeide/plugins/com.st.stm32cube.ide.mcu.externaltools.gnu-tools-for-stm32.7-2018-q2-update.win32_1.4.0.202007081208/tools/bin/../lib/gcc/arm-none-eabi/7.3.1/../../../../arm-none-eabi/lib/thumb/v7-m\libc_nano.a
END GROUP
START GROUP
LOAD c:/st/stm32cubeide_1.4.0/stm32cubeide/plugins/com.st.stm32cube.ide.mcu.externaltools.gnu-tools-for-stm32.7-2018-q2-update.win32_1.4.0.202007081208/tools/bin/../lib/gcc/arm-none-eabi/7.3.1/thumb/v7-m\libgcc.a
LOAD c:/st/stm32cubeide_1.4.0/stm32cubeide/plugins/com.st.stm32cube.ide.mcu.externaltools.gnu-tools-for-stm32.7-2018-q2-update.win32_1.4.0.202007081208/tools/bin/../lib/gcc/arm-none-eabi/7.3.1/../../../../arm-none-eabi/lib/thumb/v7-m\libc_nano.a
LOAD c:/st/stm32cubeide_1.4.0/stm32cubeide/plugins/com.st.stm32cube.ide.mcu.externaltools.gnu-tools-for-stm32.7-2018-q2-update.win32_1.4.0.202007081208/tools/bin/../lib/gcc/arm-none-eabi/7.3.1/../../../../arm-none-eabi/lib/thumb/v7-m\libnosys.a
END GROUP
START GROUP
LOAD c:/st/stm32cubeide_1.4.0/stm32cubeide/plugins/com.st.stm32cube.ide.mcu.externaltools.gnu-tools-for-stm32.7-2018-q2-update.win32_1.4.0.202007081208/tools/bin/../lib/gcc/arm-none-eabi/7.3.1/thumb/v7-m\libgcc.a
LOAD c:/st/stm32cubeide_1.4.0/stm32cubeide/plugins/com.st.stm32cube.ide.mcu.externaltools.gnu-tools-for-stm32.7-2018-q2-update.win32_1.4.0.202007081208/tools/bin/../lib/gcc/arm-none-eabi/7.3.1/../../../../arm-none-eabi/lib/thumb/v7-m\libc_nano.a
LOAD c:/st/stm32cubeide_1.4.0/stm32cubeide/plugins/com.st.stm32cube.ide.mcu.externaltools.gnu-tools-for-stm32.7-2018-q2-update.win32_1.4.0.202007081208/tools/bin/../lib/gcc/arm-none-eabi/7.3.1/../../../../arm-none-eabi/lib/thumb/v7-m\libnosys.a
END GROUP
LOAD c:/st/stm32cubeide_1.4.0/stm32cubeide/plugins/com.st.stm32cube.ide.mcu.externaltools.gnu-tools-for-stm32.7-2018-q2-update.win32_1.4.0.202007081208/tools/bin/../lib/gcc/arm-none-eabi/7.3.1/thumb/v7-m/crtend.o
LOAD c:/st/stm32cubeide_1.4.0/stm32cubeide/plugins/com.st.stm32cube.ide.mcu.externaltools.gnu-tools-for-stm32.7-2018-q2-update.win32_1.4.0.202007081208/tools/bin/../lib/gcc/arm-none-eabi/7.3.1/thumb/v7-m/crtn.o
                0x0000000020002800                _estack = (ORIGIN (RAM) + LENGTH (RAM))
                0x0000000000000200                _Min_Heap_Size = 0x200
                0x0000000000000400                _Min_Stack_Size = 0x400

.isr_vector     0x0000000008000000      0x130
                0x0000000008000000                . = ALIGN (0x4)
 *(.isr_vector)
 .isr_vector    0x0000000008000000      0x130 Startup/startup_stm32f103c6tx.o
                0x0000000008000000                g_pfnVectors
                0x0000000008000130                . = ALIGN (0x4)

.text           0x0000000008000130      0xcb8
                0x0000000008000130                . = ALIGN (0x4)
 *(.text)
 .text          0x0000000008000130       0x40 c:/st/stm32cubeide_1.4.0/stm32cubeide/plugins/com.st.stm32cube.ide.mcu.externaltools.gnu-tools-for-stm32.7-2018-q2-update.win32_1.4.0.202007081208/tools/bin/../lib/gcc/arm-none-eabi/7.3.1/thumb/v7-m/crtbegin.o
 *(.text*)
 .text.Delay_ms
                0x0000000008000170       0x38 HAL/LCD/LCD.o
                0x0000000008000170                Delay_ms
 .text.config_LCD_Pin_INPUT
                0x00000000080001a8       0x48 HAL/LCD/LCD.o
                0x00000000080001a8                config_LCD_Pin_INPUT
 .text.config_LCD_Pin_OUTPUT
                0x00000000080001f0       0x4c HAL/LCD/LCD.o
                0x00000000080001f0                config_LCD_Pin_OUTPUT
 .text.HAL_LCD_Isbusy
                0x000000000800023c       0x3c HAL/LCD/LCD.o
                0x000000000800023c                HAL_LCD_Isbusy
 .text.HAL_LCD_Init
                0x0000000008000278       0xb4 HAL/LCD/LCD.o
                0x0000000008000278                HAL_LCD_Init
 .text.HAL_LCD_Kick
                0x000000000800032c       0x2c HAL/LCD/LCD.o
                0x000000000800032c                HAL_LCD_Kick
 .text.HAL_LCD_CMD
                0x0000000008000358       0x44 HAL/LCD/LCD.o
                0x0000000008000358                HAL_LCD_CMD
 .text.HAL_LCD_Clear_Screen
                0x000000000800039c        0xe HAL/LCD/LCD.o
                0x000000000800039c                HAL_LCD_Clear_Screen
 .text.HAL_LCD_GotoXY
                0x00000000080003aa       0x4a HAL/LCD/LCD.o
                0x00000000080003aa                HAL_LCD_GotoXY
 .text.HAL_LCD_Send_char
                0x00000000080003f4       0x50 HAL/LCD/LCD.o
                0x00000000080003f4                HAL_LCD_Send_char
 .text.HAL_LCD_Send_str
                0x0000000008000444       0x5e HAL/LCD/LCD.o
                0x0000000008000444                HAL_LCD_Send_str
 *fill*         0x00000000080004a2        0x2 
 .text.EXTI9_Callback
                0x00000000080004a4       0x24 Src/main.o
                0x00000000080004a4                EXTI9_Callback
 .text.Clock_init
                0x00000000080004c8       0x34 Src/main.o
                0x00000000080004c8                Clock_init
 .text.main     0x00000000080004fc       0x4c Src/main.o
                0x00000000080004fc                main
 .text.Reset_Handler
                0x0000000008000548       0x50 Startup/startup_stm32f103c6tx.o
                0x0000000008000548                Reset_Handler
 .text.Default_Handler
                0x0000000008000598        0x2 Startup/startup_stm32f103c6tx.o
                0x0000000008000598                TIM8_TRG_COM_IRQHandler
                0x0000000008000598                TIM8_CC_IRQHandler
                0x0000000008000598                DebugMon_Handler
                0x0000000008000598                TIM1_CC_IRQHandler
                0x0000000008000598                HardFault_Handler
                0x0000000008000598                TIM6_IRQHandler
                0x0000000008000598                SysTick_Handler
                0x0000000008000598                PVD_IRQHandler
                0x0000000008000598                SDIO_IRQHandler
                0x0000000008000598                PendSV_Handler
                0x0000000008000598                NMI_Handler
                0x0000000008000598                USB_HP_CAN_TX_IRQHandler
                0x0000000008000598                I2C2_EV_IRQHandler
                0x0000000008000598                UsageFault_Handler
                0x0000000008000598                ADC1_2_IRQHandler
                0x0000000008000598                SPI1_IRQHandler
                0x0000000008000598                CAN_SCE_IRQHandler
                0x0000000008000598                TAMPER_IRQHandler
                0x0000000008000598                TIM8_UP_IRQHandler
                0x0000000008000598                DMA2_Channel2_IRQHandler
                0x0000000008000598                DMA1_Channel4_IRQHandler
                0x0000000008000598                USART3_IRQHandler
                0x0000000008000598                RTC_IRQHandler
                0x0000000008000598                DMA1_Channel7_IRQHandler
                0x0000000008000598                UART5_IRQHandler
                0x0000000008000598                ADC3_IRQHandler
                0x0000000008000598                TIM4_IRQHandler
                0x0000000008000598                CAN_RX1_IRQHandler
                0x0000000008000598                DMA2_Channel1_IRQHandler
                0x0000000008000598                I2C1_EV_IRQHandler
                0x0000000008000598                DMA1_Channel6_IRQHandler
                0x0000000008000598                UART4_IRQHandler
                0x0000000008000598                TIM3_IRQHandler
                0x0000000008000598                RCC_IRQHandler
                0x0000000008000598                TIM1_TRG_COM_IRQHandler
                0x0000000008000598                DMA1_Channel1_IRQHandler
                0x0000000008000598                Default_Handler
                0x0000000008000598                TIM7_IRQHandler
                0x0000000008000598                TIM5_IRQHandler
                0x0000000008000598                SPI2_IRQHandler
                0x0000000008000598                USB_LP_CAN_RX0_IRQHandler
                0x0000000008000598                MemManage_Handler
                0x0000000008000598                SVC_Handler
                0x0000000008000598                DMA1_Channel5_IRQHandler
                0x0000000008000598                DMA1_Channel3_IRQHandler
                0x0000000008000598                FSMC_IRQHandler
                0x0000000008000598                TIM1_UP_IRQHandler
                0x0000000008000598                WWDG_IRQHandler
                0x0000000008000598                TIM2_IRQHandler
                0x0000000008000598                TIM1_BRK_IRQHandler
                0x0000000008000598                RTCAlarm_IRQHandler
                0x0000000008000598                DMA2_Channel4_5_IRQHandler
                0x0000000008000598                USART2_IRQHandler
                0x0000000008000598                I2C2_ER_IRQHandler
                0x0000000008000598                DMA1_Channel2_IRQHandler
                0x0000000008000598                TIM8_BRK_IRQHandler
                0x0000000008000598                FLASH_IRQHandler
                0x0000000008000598                BusFault_Handler
                0x0000000008000598                USART1_IRQHandler
                0x0000000008000598                SPI3_IRQHandler
                0x0000000008000598                I2C1_ER_IRQHandler
                0x0000000008000598                DMA2_Channel3_IRQHandler
 *fill*         0x000000000800059a        0x2 
 .text.Enable_NVIC
                0x000000000800059c       0xcc stm32f103c6_Drivers/EXTI/stm32f103c6_EXTI.o
                0x000000000800059c                Enable_NVIC
 .text.Disable_NVIC
                0x0000000008000668       0xcc stm32f103c6_Drivers/EXTI/stm32f103c6_EXTI.o
                0x0000000008000668                Disable_NVIC
 .text.Update_EXTI
                0x0000000008000734      0x1e0 stm32f103c6_Drivers/EXTI/stm32f103c6_EXTI.o
                0x0000000008000734                Update_EXTI
 .text.MCAL_EXTI_GPIO_Init
                0x0000000008000914       0x16 stm32f103c6_Drivers/EXTI/stm32f103c6_EXTI.o
                0x0000000008000914                MCAL_EXTI_GPIO_Init
 *fill*         0x000000000800092a        0x2 
 .text.EXTI0_IRQHandler
                0x000000000800092c       0x24 stm32f103c6_Drivers/EXTI/stm32f103c6_EXTI.o
                0x000000000800092c                EXTI0_IRQHandler
 .text.EXTI1_IRQHandler
                0x0000000008000950       0x24 stm32f103c6_Drivers/EXTI/stm32f103c6_EXTI.o
                0x0000000008000950                EXTI1_IRQHandler
 .text.EXTI2_IRQHandler
                0x0000000008000974       0x24 stm32f103c6_Drivers/EXTI/stm32f103c6_EXTI.o
                0x0000000008000974                EXTI2_IRQHandler
 .text.EXTI3_IRQHandler
                0x0000000008000998       0x24 stm32f103c6_Drivers/EXTI/stm32f103c6_EXTI.o
                0x0000000008000998                EXTI3_IRQHandler
 .text.EXTI4_IRQHandler
                0x00000000080009bc       0x24 stm32f103c6_Drivers/EXTI/stm32f103c6_EXTI.o
                0x00000000080009bc                EXTI4_IRQHandler
 .text.EXTI9_5_IRQHandler
                0x00000000080009e0       0xa8 stm32f103c6_Drivers/EXTI/stm32f103c6_EXTI.o
                0x00000000080009e0                EXTI9_5_IRQHandler
 .text.EXTI15_10_IRQHandler
                0x0000000008000a88       0xc4 stm32f103c6_Drivers/EXTI/stm32f103c6_EXTI.o
                0x0000000008000a88                EXTI15_10_IRQHandler
 .text.GetPinPosition
                0x0000000008000b4c       0xc6 stm32f103c6_Drivers/GPIO_Driver/stm32f103c6_GPIO_Driver.o
                0x0000000008000b4c                GetPinPosition
 .text.MCAL_GPIO_Init
                0x0000000008000c12      0x120 stm32f103c6_Drivers/GPIO_Driver/stm32f103c6_GPIO_Driver.o
                0x0000000008000c12                MCAL_GPIO_Init
 .text.MCAL_GPIO_WritePin
                0x0000000008000d32       0x36 stm32f103c6_Drivers/GPIO_Driver/stm32f103c6_GPIO_Driver.o
                0x0000000008000d32                MCAL_GPIO_WritePin
 .text.MCAL_GPIO_WritePort
                0x0000000008000d68       0x1e stm32f103c6_Drivers/GPIO_Driver/stm32f103c6_GPIO_Driver.o
                0x0000000008000d68                MCAL_GPIO_WritePort
 *fill*         0x0000000008000d86        0x2 
 .text.__libc_init_array
                0x0000000008000d88       0x48 c:/st/stm32cubeide_1.4.0/stm32cubeide/plugins/com.st.stm32cube.ide.mcu.externaltools.gnu-tools-for-stm32.7-2018-q2-update.win32_1.4.0.202007081208/tools/bin/../lib/gcc/arm-none-eabi/7.3.1/../../../../arm-none-eabi/lib/thumb/v7-m\libc_nano.a(lib_a-init.o)
                0x0000000008000d88                __libc_init_array
 *(.glue_7)
 .glue_7        0x0000000008000dd0        0x0 linker stubs
 *(.glue_7t)
 .glue_7t       0x0000000008000dd0        0x0 linker stubs
 *(.eh_frame)
 .eh_frame      0x0000000008000dd0        0x0 c:/st/stm32cubeide_1.4.0/stm32cubeide/plugins/com.st.stm32cube.ide.mcu.externaltools.gnu-tools-for-stm32.7-2018-q2-update.win32_1.4.0.202007081208/tools/bin/../lib/gcc/arm-none-eabi/7.3.1/thumb/v7-m/crtbegin.o
 *(.init)
 .init          0x0000000008000dd0        0x4 c:/st/stm32cubeide_1.4.0/stm32cubeide/plugins/com.st.stm32cube.ide.mcu.externaltools.gnu-tools-for-stm32.7-2018-q2-update.win32_1.4.0.202007081208/tools/bin/../lib/gcc/arm-none-eabi/7.3.1/thumb/v7-m/crti.o
                0x0000000008000dd0                _init
 .init          0x0000000008000dd4        0x8 c:/st/stm32cubeide_1.4.0/stm32cubeide/plugins/com.st.stm32cube.ide.mcu.externaltools.gnu-tools-for-stm32.7-2018-q2-update.win32_1.4.0.202007081208/tools/bin/../lib/gcc/arm-none-eabi/7.3.1/thumb/v7-m/crtn.o
 *(.fini)
 .fini          0x0000000008000ddc        0x4 c:/st/stm32cubeide_1.4.0/stm32cubeide/plugins/com.st.stm32cube.ide.mcu.externaltools.gnu-tools-for-stm32.7-2018-q2-update.win32_1.4.0.202007081208/tools/bin/../lib/gcc/arm-none-eabi/7.3.1/thumb/v7-m/crti.o
                0x0000000008000ddc                _fini
 .fini          0x0000000008000de0        0x8 c:/st/stm32cubeide_1.4.0/stm32cubeide/plugins/com.st.stm32cube.ide.mcu.externaltools.gnu-tools-for-stm32.7-2018-q2-update.win32_1.4.0.202007081208/tools/bin/../lib/gcc/arm-none-eabi/7.3.1/thumb/v7-m/crtn.o
                0x0000000008000de8                . = ALIGN (0x4)
                0x0000000008000de8                _etext = .

.vfp11_veneer   0x0000000008000de8        0x0
 .vfp11_veneer  0x0000000008000de8        0x0 linker stubs

.v4_bx          0x0000000008000de8        0x0
 .v4_bx         0x0000000008000de8        0x0 linker stubs

.iplt           0x0000000008000de8        0x0
 .iplt          0x0000000008000de8        0x0 c:/st/stm32cubeide_1.4.0/stm32cubeide/plugins/com.st.stm32cube.ide.mcu.externaltools.gnu-tools-for-stm32.7-2018-q2-update.win32_1.4.0.202007081208/tools/bin/../lib/gcc/arm-none-eabi/7.3.1/thumb/v7-m/crtbegin.o

.rodata         0x0000000008000de8       0x28
                0x0000000008000de8                . = ALIGN (0x4)
 *(.rodata)
 .rodata        0x0000000008000de8       0x28 Src/main.o
 *(.rodata*)
                0x0000000008000e10                . = ALIGN (0x4)

.rel.dyn        0x0000000008000e10        0x0
 .rel.iplt      0x0000000008000e10        0x0 c:/st/stm32cubeide_1.4.0/stm32cubeide/plugins/com.st.stm32cube.ide.mcu.externaltools.gnu-tools-for-stm32.7-2018-q2-update.win32_1.4.0.202007081208/tools/bin/../lib/gcc/arm-none-eabi/7.3.1/thumb/v7-m/crtbegin.o

.ARM.extab      0x0000000008000e10        0x0
                0x0000000008000e10                . = ALIGN (0x4)
 *(.ARM.extab* .gnu.linkonce.armextab.*)
                0x0000000008000e10                . = ALIGN (0x4)

.ARM            0x0000000008000e10        0x0
                0x0000000008000e10                . = ALIGN (0x4)
                0x0000000008000e10                __exidx_start = .
 *(.ARM.exidx*)
                0x0000000008000e10                __exidx_end = .
                0x0000000008000e10                . = ALIGN (0x4)

.preinit_array  0x0000000008000e10        0x0
                0x0000000008000e10                . = ALIGN (0x4)
                0x0000000008000e10                PROVIDE (__preinit_array_start = .)
 *(.preinit_array*)
                0x0000000008000e10                PROVIDE (__preinit_array_end = .)
                0x0000000008000e10                . = ALIGN (0x4)

.init_array     0x0000000008000e10        0x4
                0x0000000008000e10                . = ALIGN (0x4)
                0x0000000008000e10                PROVIDE (__init_array_start = .)
 *(SORT_BY_NAME(.init_array.*))
 *(.init_array*)
 .init_array    0x0000000008000e10        0x4 c:/st/stm32cubeide_1.4.0/stm32cubeide/plugins/com.st.stm32cube.ide.mcu.externaltools.gnu-tools-for-stm32.7-2018-q2-update.win32_1.4.0.202007081208/tools/bin/../lib/gcc/arm-none-eabi/7.3.1/thumb/v7-m/crtbegin.o
                0x0000000008000e14                PROVIDE (__init_array_end = .)
                0x0000000008000e14                . = ALIGN (0x4)

.fini_array     0x0000000008000e14        0x4
                0x0000000008000e14                . = ALIGN (0x4)
                [!provide]                        PROVIDE (__fini_array_start = .)
 *(SORT_BY_NAME(.fini_array.*))
 *(.fini_array*)
 .fini_array    0x0000000008000e14        0x4 c:/st/stm32cubeide_1.4.0/stm32cubeide/plugins/com.st.stm32cube.ide.mcu.externaltools.gnu-tools-for-stm32.7-2018-q2-update.win32_1.4.0.202007081208/tools/bin/../lib/gcc/arm-none-eabi/7.3.1/thumb/v7-m/crtbegin.o
                [!provide]                        PROVIDE (__fini_array_end = .)
                0x0000000008000e18                . = ALIGN (0x4)
                0x0000000008000e18                _sidata = LOADADDR (.data)

.data           0x0000000020000000       0x10 load address 0x0000000008000e18
                0x0000000020000000                . = ALIGN (0x4)
                0x0000000020000000                _sdata = .
 *(.data)
 *(.data*)
 .data.LCD_DataPins
                0x0000000020000000       0x10 HAL/LCD/LCD.o
                0x0000000020000000                LCD_DataPins
                0x0000000020000010                . = ALIGN (0x4)
                0x0000000020000010                _edata = .

.igot.plt       0x0000000020000010        0x0 load address 0x0000000008000e28
 .igot.plt      0x0000000020000010        0x0 c:/st/stm32cubeide_1.4.0/stm32cubeide/plugins/com.st.stm32cube.ide.mcu.externaltools.gnu-tools-for-stm32.7-2018-q2-update.win32_1.4.0.202007081208/tools/bin/../lib/gcc/arm-none-eabi/7.3.1/thumb/v7-m/crtbegin.o
                0x0000000020000010                . = ALIGN (0x4)

.bss            0x0000000020000010       0x60 load address 0x0000000008000e28
                0x0000000020000010                _sbss = .
                0x0000000020000010                __bss_start__ = _sbss
 *(.bss)
 .bss           0x0000000020000010       0x1c c:/st/stm32cubeide_1.4.0/stm32cubeide/plugins/com.st.stm32cube.ide.mcu.externaltools.gnu-tools-for-stm32.7-2018-q2-update.win32_1.4.0.202007081208/tools/bin/../lib/gcc/arm-none-eabi/7.3.1/thumb/v7-m/crtbegin.o
 *(.bss*)
 *(COMMON)
 COMMON         0x000000002000002c        0x4 HAL/KeyPad/KEYPAD.o
                0x000000002000002c                PinConfig
 COMMON         0x0000000020000030        0x1 Src/main.o
                0x0000000020000030                IRQ_Flag
 *fill*         0x0000000020000031        0x3 
 COMMON         0x0000000020000034       0x3c stm32f103c6_Drivers/EXTI/stm32f103c6_EXTI.o
                0x0000000020000034                GPtr_IRQ_CallBack
                0x0000000020000070                . = ALIGN (0x4)
                0x0000000020000070                _ebss = .
                0x0000000020000070                __bss_end__ = _ebss

._user_heap_stack
                0x0000000020000070      0x600 load address 0x0000000008000e28
                0x0000000020000070                . = ALIGN (0x8)
                [!provide]                        PROVIDE (end = .)
                0x0000000020000070                PROVIDE (_end = .)
                0x0000000020000270                . = (. + _Min_Heap_Size)
 *fill*         0x0000000020000070      0x200 
                0x0000000020000670                . = (. + _Min_Stack_Size)
 *fill*         0x0000000020000270      0x400 
                0x0000000020000670                . = ALIGN (0x8)

/DISCARD/
 libc.a(*)
 libm.a(*)
 libgcc.a(*)

.ARM.attributes
                0x0000000000000000       0x29
 *(.ARM.attributes)
 .ARM.attributes
                0x0000000000000000       0x1d c:/st/stm32cubeide_1.4.0/stm32cubeide/plugins/com.st.stm32cube.ide.mcu.externaltools.gnu-tools-for-stm32.7-2018-q2-update.win32_1.4.0.202007081208/tools/bin/../lib/gcc/arm-none-eabi/7.3.1/thumb/v7-m/crti.o
 .ARM.attributes
                0x000000000000001d       0x2d c:/st/stm32cubeide_1.4.0/stm32cubeide/plugins/com.st.stm32cube.ide.mcu.externaltools.gnu-tools-for-stm32.7-2018-q2-update.win32_1.4.0.202007081208/tools/bin/../lib/gcc/arm-none-eabi/7.3.1/thumb/v7-m/crtbegin.o
 .ARM.attributes
                0x000000000000004a       0x33 HAL/KeyPad/KEYPAD.o
 .ARM.attributes
                0x000000000000007d       0x33 HAL/LCD/LCD.o
 .ARM.attributes
                0x00000000000000b0       0x33 Src/main.o
 .ARM.attributes
                0x00000000000000e3       0x21 Startup/startup_stm32f103c6tx.o
 .ARM.attributes
                0x0000000000000104       0x33 stm32f103c6_Drivers/EXTI/stm32f103c6_EXTI.o
 .ARM.attributes
                0x0000000000000137       0x33 stm32f103c6_Drivers/GPIO_Driver/stm32f103c6_GPIO_Driver.o
 .ARM.attributes
                0x000000000000016a       0x2d c:/st/stm32cubeide_1.4.0/stm32cubeide/plugins/com.st.stm32cube.ide.mcu.externaltools.gnu-tools-for-stm32.7-2018-q2-update.win32_1.4.0.202007081208/tools/bin/../lib/gcc/arm-none-eabi/7.3.1/../../../../arm-none-eabi/lib/thumb/v7-m\libc_nano.a(lib_a-init.o)
 .ARM.attributes
                0x0000000000000197       0x1d c:/st/stm32cubeide_1.4.0/stm32cubeide/plugins/com.st.stm32cube.ide.mcu.externaltools.gnu-tools-for-stm32.7-2018-q2-update.win32_1.4.0.202007081208/tools/bin/../lib/gcc/arm-none-eabi/7.3.1/thumb/v7-m/crtn.o
OUTPUT(EXTI_STM32F103xx.elf elf32-littlearm)

.debug_info     0x0000000000000000     0x3fb3
 .debug_info    0x0000000000000000      0xb19 HAL/KeyPad/KEYPAD.o
 .debug_info    0x0000000000000b19      0xd35 HAL/LCD/LCD.o
 .debug_info    0x000000000000184e      0xbe1 Src/main.o
 .debug_info    0x000000000000242f       0x22 Startup/startup_stm32f103c6tx.o
 .debug_info    0x0000000000002451      0xdcf stm32f103c6_Drivers/EXTI/stm32f103c6_EXTI.o
 .debug_info    0x0000000000003220      0xd93 stm32f103c6_Drivers/GPIO_Driver/stm32f103c6_GPIO_Driver.o

.debug_abbrev   0x0000000000000000      0x9cc
 .debug_abbrev  0x0000000000000000      0x1aa HAL/KeyPad/KEYPAD.o
 .debug_abbrev  0x00000000000001aa      0x20e HAL/LCD/LCD.o
 .debug_abbrev  0x00000000000003b8      0x1be Src/main.o
 .debug_abbrev  0x0000000000000576       0x12 Startup/startup_stm32f103c6tx.o
 .debug_abbrev  0x0000000000000588      0x22a stm32f103c6_Drivers/EXTI/stm32f103c6_EXTI.o
 .debug_abbrev  0x00000000000007b2      0x21a stm32f103c6_Drivers/GPIO_Driver/stm32f103c6_GPIO_Driver.o

.debug_loc      0x0000000000000000      0xb01
 .debug_loc     0x0000000000000000       0x7c HAL/KeyPad/KEYPAD.o
 .debug_loc     0x000000000000007c      0x38d HAL/LCD/LCD.o
 .debug_loc     0x0000000000000409       0xa8 Src/main.o
 .debug_loc     0x00000000000004b1      0x320 stm32f103c6_Drivers/EXTI/stm32f103c6_EXTI.o
 .debug_loc     0x00000000000007d1      0x330 stm32f103c6_Drivers/GPIO_Driver/stm32f103c6_GPIO_Driver.o

.debug_aranges  0x0000000000000000      0x1e0
 .debug_aranges
                0x0000000000000000       0x28 HAL/KeyPad/KEYPAD.o
 .debug_aranges
                0x0000000000000028       0x80 HAL/LCD/LCD.o
 .debug_aranges
                0x00000000000000a8       0x30 Src/main.o
 .debug_aranges
                0x00000000000000d8       0x28 Startup/startup_stm32f103c6tx.o
 .debug_aranges
                0x0000000000000100       0x80 stm32f103c6_Drivers/EXTI/stm32f103c6_EXTI.o
 .debug_aranges
                0x0000000000000180       0x60 stm32f103c6_Drivers/GPIO_Driver/stm32f103c6_GPIO_Driver.o

.debug_ranges   0x0000000000000000      0x188
 .debug_ranges  0x0000000000000000       0x18 HAL/KeyPad/KEYPAD.o
 .debug_ranges  0x0000000000000018       0x70 HAL/LCD/LCD.o
 .debug_ranges  0x0000000000000088       0x20 Src/main.o
 .debug_ranges  0x00000000000000a8       0x20 Startup/startup_stm32f103c6tx.o
 .debug_ranges  0x00000000000000c8       0x70 stm32f103c6_Drivers/EXTI/stm32f103c6_EXTI.o
 .debug_ranges  0x0000000000000138       0x50 stm32f103c6_Drivers/GPIO_Driver/stm32f103c6_GPIO_Driver.o

.debug_macro    0x0000000000000000     0x2bfb
 .debug_macro   0x0000000000000000      0x152 HAL/KeyPad/KEYPAD.o
 .debug_macro   0x0000000000000152      0xa60 HAL/KeyPad/KEYPAD.o
 .debug_macro   0x0000000000000bb2       0x18 HAL/KeyPad/KEYPAD.o
 .debug_macro   0x0000000000000bca       0x22 HAL/KeyPad/KEYPAD.o
 .debug_macro   0x0000000000000bec       0x40 HAL/KeyPad/KEYPAD.o
 .debug_macro   0x0000000000000c2c       0x94 HAL/KeyPad/KEYPAD.o
 .debug_macro   0x0000000000000cc0       0x3c HAL/KeyPad/KEYPAD.o
 .debug_macro   0x0000000000000cfc       0x34 HAL/KeyPad/KEYPAD.o
 .debug_macro   0x0000000000000d30       0x16 HAL/KeyPad/KEYPAD.o
 .debug_macro   0x0000000000000d46      0x10e HAL/KeyPad/KEYPAD.o
 .debug_macro   0x0000000000000e54       0x8d HAL/KeyPad/KEYPAD.o
 .debug_macro   0x0000000000000ee1       0x57 HAL/KeyPad/KEYPAD.o
 .debug_macro   0x0000000000000f38       0x52 HAL/KeyPad/KEYPAD.o
 .debug_macro   0x0000000000000f8a       0x1f HAL/KeyPad/KEYPAD.o
 .debug_macro   0x0000000000000fa9       0x43 HAL/KeyPad/KEYPAD.o
 .debug_macro   0x0000000000000fec       0x20 HAL/KeyPad/KEYPAD.o
 .debug_macro   0x000000000000100c      0x1a3 HAL/KeyPad/KEYPAD.o
 .debug_macro   0x00000000000011af      0x330 HAL/KeyPad/KEYPAD.o
 .debug_macro   0x00000000000014df       0x16 HAL/KeyPad/KEYPAD.o
 .debug_macro   0x00000000000014f5       0x29 HAL/KeyPad/KEYPAD.o
 .debug_macro   0x000000000000151e       0xef HAL/KeyPad/KEYPAD.o
 .debug_macro   0x000000000000160d       0x6a HAL/KeyPad/KEYPAD.o
 .debug_macro   0x0000000000001677      0x1df HAL/KeyPad/KEYPAD.o
 .debug_macro   0x0000000000001856      0x241 HAL/KeyPad/KEYPAD.o
 .debug_macro   0x0000000000001a97       0xb8 HAL/KeyPad/KEYPAD.o
 .debug_macro   0x0000000000001b4f       0x3a HAL/KeyPad/KEYPAD.o
 .debug_macro   0x0000000000001b89      0x21d HAL/LCD/LCD.o
 .debug_macro   0x0000000000001da6       0x16 HAL/LCD/LCD.o
 .debug_macro   0x0000000000001dbc       0x97 HAL/LCD/LCD.o
 .debug_macro   0x0000000000001e53       0xfd HAL/LCD/LCD.o
 .debug_macro   0x0000000000001f50       0x10 HAL/LCD/LCD.o
 .debug_macro   0x0000000000001f60       0x10 HAL/LCD/LCD.o
 .debug_macro   0x0000000000001f70       0x1c HAL/LCD/LCD.o
 .debug_macro   0x0000000000001f8c       0x52 HAL/LCD/LCD.o
 .debug_macro   0x0000000000001fde       0x40 HAL/LCD/LCD.o
 .debug_macro   0x000000000000201e       0x10 HAL/LCD/LCD.o
 .debug_macro   0x000000000000202e       0x40 HAL/LCD/LCD.o
 .debug_macro   0x000000000000206e       0xd7 HAL/LCD/LCD.o
 .debug_macro   0x0000000000002145       0x1c HAL/LCD/LCD.o
 .debug_macro   0x0000000000002161       0x3d HAL/LCD/LCD.o
 .debug_macro   0x000000000000219e       0x16 HAL/LCD/LCD.o
 .debug_macro   0x00000000000021b4      0x145 HAL/LCD/LCD.o
 .debug_macro   0x00000000000022f9       0x35 HAL/LCD/LCD.o
 .debug_macro   0x000000000000232e      0x178 HAL/LCD/LCD.o
 .debug_macro   0x00000000000024a6      0x232 Src/main.o
 .debug_macro   0x00000000000026d8      0x1be Src/main.o
 .debug_macro   0x0000000000002896       0x1c Src/main.o
 .debug_macro   0x00000000000028b2      0x148 stm32f103c6_Drivers/EXTI/stm32f103c6_EXTI.o
 .debug_macro   0x00000000000029fa       0xbe stm32f103c6_Drivers/EXTI/stm32f103c6_EXTI.o
 .debug_macro   0x0000000000002ab8      0x143 stm32f103c6_Drivers/GPIO_Driver/stm32f103c6_GPIO_Driver.o

.debug_line     0x0000000000000000     0x2277
 .debug_line    0x0000000000000000      0x66e HAL/KeyPad/KEYPAD.o
 .debug_line    0x000000000000066e      0x791 HAL/LCD/LCD.o
 .debug_line    0x0000000000000dff      0x683 Src/main.o
 .debug_line    0x0000000000001482       0x84 Startup/startup_stm32f103c6tx.o
 .debug_line    0x0000000000001506      0x721 stm32f103c6_Drivers/EXTI/stm32f103c6_EXTI.o
 .debug_line    0x0000000000001c27      0x650 stm32f103c6_Drivers/GPIO_Driver/stm32f103c6_GPIO_Driver.o

.debug_str      0x0000000000000000     0xaae9
 .debug_str     0x0000000000000000     0x7bc3 HAL/KeyPad/KEYPAD.o
                                       0x7e24 (size before relaxing)
 .debug_str     0x0000000000007bc3     0x186d HAL/LCD/LCD.o
                                       0x95c2 (size before relaxing)
 .debug_str     0x0000000000009430     0x13b7 Src/main.o
                                       0xa823 (size before relaxing)
 .debug_str     0x000000000000a7e7       0x31 Startup/startup_stm32f103c6tx.o
                                         0x8d (size before relaxing)
 .debug_str     0x000000000000a818      0x19a stm32f103c6_Drivers/EXTI/stm32f103c6_EXTI.o
                                       0x923b (size before relaxing)
 .debug_str     0x000000000000a9b2      0x137 stm32f103c6_Drivers/GPIO_Driver/stm32f103c6_GPIO_Driver.o
                                       0x7eca (size before relaxing)

.comment        0x0000000000000000       0x7b
 .comment       0x0000000000000000       0x7b HAL/KeyPad/KEYPAD.o
                                         0x7c (size before relaxing)
 .comment       0x000000000000007b       0x7c HAL/LCD/LCD.o
 .comment       0x000000000000007b       0x7c Src/main.o
 .comment       0x000000000000007b       0x7c stm32f103c6_Drivers/EXTI/stm32f103c6_EXTI.o
 .comment       0x000000000000007b       0x7c stm32f103c6_Drivers/GPIO_Driver/stm32f103c6_GPIO_Driver.o

.debug_frame    0x0000000000000000      0x5dc
 .debug_frame   0x0000000000000000       0x50 HAL/KeyPad/KEYPAD.o
 .debug_frame   0x0000000000000050      0x1d0 HAL/LCD/LCD.o
 .debug_frame   0x0000000000000220       0x6c Src/main.o
 .debug_frame   0x000000000000028c      0x1b0 stm32f103c6_Drivers/EXTI/stm32f103c6_EXTI.o
 .debug_frame   0x000000000000043c      0x174 stm32f103c6_Drivers/GPIO_Driver/stm32f103c6_GPIO_Driver.o
 .debug_frame   0x00000000000005b0       0x2c c:/st/stm32cubeide_1.4.0/stm32cubeide/plugins/com.st.stm32cube.ide.mcu.externaltools.gnu-tools-for-stm32.7-2018-q2-update.win32_1.4.0.202007081208/tools/bin/../lib/gcc/arm-none-eabi/7.3.1/../../../../arm-none-eabi/lib/thumb/v7-m\libc_nano.a(lib_a-init.o)
