Archive member included to satisfy reference by file (symbol)

c:/st/stm32cubeide_1.4.0/stm32cubeide/plugins/com.st.stm32cube.ide.mcu.externaltools.gnu-tools-for-stm32.7-2018-q2-update.win32_1.4.0.202007081208/tools/bin/../lib/gcc/arm-none-eabi/7.3.1/../../../../arm-none-eabi/lib/thumb/v7-m\libc_nano.a(lib_a-errno.o)
                              Src/syscalls.o (__errno)
c:/st/stm32cubeide_1.4.0/stm32cubeide/plugins/com.st.stm32cube.ide.mcu.externaltools.gnu-tools-for-stm32.7-2018-q2-update.win32_1.4.0.202007081208/tools/bin/../lib/gcc/arm-none-eabi/7.3.1/../../../../arm-none-eabi/lib/thumb/v7-m\libc_nano.a(lib_a-exit.o)
                              c:/st/stm32cubeide_1.4.0/stm32cubeide/plugins/com.st.stm32cube.ide.mcu.externaltools.gnu-tools-for-stm32.7-2018-q2-update.win32_1.4.0.202007081208/tools/bin/../lib/gcc/arm-none-eabi/7.3.1/../../../../arm-none-eabi/lib/thumb/v7-m/crt0.o (exit)
c:/st/stm32cubeide_1.4.0/stm32cubeide/plugins/com.st.stm32cube.ide.mcu.externaltools.gnu-tools-for-stm32.7-2018-q2-update.win32_1.4.0.202007081208/tools/bin/../lib/gcc/arm-none-eabi/7.3.1/../../../../arm-none-eabi/lib/thumb/v7-m\libc_nano.a(lib_a-impure.o)
                              c:/st/stm32cubeide_1.4.0/stm32cubeide/plugins/com.st.stm32cube.ide.mcu.externaltools.gnu-tools-for-stm32.7-2018-q2-update.win32_1.4.0.202007081208/tools/bin/../lib/gcc/arm-none-eabi/7.3.1/../../../../arm-none-eabi/lib/thumb/v7-m\libc_nano.a(lib_a-exit.o) (_global_impure_ptr)
c:/st/stm32cubeide_1.4.0/stm32cubeide/plugins/com.st.stm32cube.ide.mcu.externaltools.gnu-tools-for-stm32.7-2018-q2-update.win32_1.4.0.202007081208/tools/bin/../lib/gcc/arm-none-eabi/7.3.1/../../../../arm-none-eabi/lib/thumb/v7-m\libc_nano.a(lib_a-init.o)
                              c:/st/stm32cubeide_1.4.0/stm32cubeide/plugins/com.st.stm32cube.ide.mcu.externaltools.gnu-tools-for-stm32.7-2018-q2-update.win32_1.4.0.202007081208/tools/bin/../lib/gcc/arm-none-eabi/7.3.1/../../../../arm-none-eabi/lib/thumb/v7-m/crt0.o (__libc_init_array)
c:/st/stm32cubeide_1.4.0/stm32cubeide/plugins/com.st.stm32cube.ide.mcu.externaltools.gnu-tools-for-stm32.7-2018-q2-update.win32_1.4.0.202007081208/tools/bin/../lib/gcc/arm-none-eabi/7.3.1/../../../../arm-none-eabi/lib/thumb/v7-m\libc_nano.a(lib_a-memset.o)
                              c:/st/stm32cubeide_1.4.0/stm32cubeide/plugins/com.st.stm32cube.ide.mcu.externaltools.gnu-tools-for-stm32.7-2018-q2-update.win32_1.4.0.202007081208/tools/bin/../lib/gcc/arm-none-eabi/7.3.1/../../../../arm-none-eabi/lib/thumb/v7-m/crt0.o (memset)
c:/st/stm32cubeide_1.4.0/stm32cubeide/plugins/com.st.stm32cube.ide.mcu.externaltools.gnu-tools-for-stm32.7-2018-q2-update.win32_1.4.0.202007081208/tools/bin/../lib/gcc/arm-none-eabi/7.3.1/../../../../arm-none-eabi/lib/thumb/v7-m\libc_nano.a(lib_a-sprintf.o)
                              HAL/LCD/LCD.o (sprintf)
c:/st/stm32cubeide_1.4.0/stm32cubeide/plugins/com.st.stm32cube.ide.mcu.externaltools.gnu-tools-for-stm32.7-2018-q2-update.win32_1.4.0.202007081208/tools/bin/../lib/gcc/arm-none-eabi/7.3.1/../../../../arm-none-eabi/lib/thumb/v7-m\libc_nano.a(lib_a-nano-svfprintf.o)
                              c:/st/stm32cubeide_1.4.0/stm32cubeide/plugins/com.st.stm32cube.ide.mcu.externaltools.gnu-tools-for-stm32.7-2018-q2-update.win32_1.4.0.202007081208/tools/bin/../lib/gcc/arm-none-eabi/7.3.1/../../../../arm-none-eabi/lib/thumb/v7-m\libc_nano.a(lib_a-sprintf.o) (_svfprintf_r)
c:/st/stm32cubeide_1.4.0/stm32cubeide/plugins/com.st.stm32cube.ide.mcu.externaltools.gnu-tools-for-stm32.7-2018-q2-update.win32_1.4.0.202007081208/tools/bin/../lib/gcc/arm-none-eabi/7.3.1/../../../../arm-none-eabi/lib/thumb/v7-m\libc_nano.a(lib_a-nano-vfprintf_i.o)
                              c:/st/stm32cubeide_1.4.0/stm32cubeide/plugins/com.st.stm32cube.ide.mcu.externaltools.gnu-tools-for-stm32.7-2018-q2-update.win32_1.4.0.202007081208/tools/bin/../lib/gcc/arm-none-eabi/7.3.1/../../../../arm-none-eabi/lib/thumb/v7-m\libc_nano.a(lib_a-nano-svfprintf.o) (_printf_i)
c:/st/stm32cubeide_1.4.0/stm32cubeide/plugins/com.st.stm32cube.ide.mcu.externaltools.gnu-tools-for-stm32.7-2018-q2-update.win32_1.4.0.202007081208/tools/bin/../lib/gcc/arm-none-eabi/7.3.1/../../../../arm-none-eabi/lib/thumb/v7-m\libc_nano.a(lib_a-memchr-stub.o)
                              c:/st/stm32cubeide_1.4.0/stm32cubeide/plugins/com.st.stm32cube.ide.mcu.externaltools.gnu-tools-for-stm32.7-2018-q2-update.win32_1.4.0.202007081208/tools/bin/../lib/gcc/arm-none-eabi/7.3.1/../../../../arm-none-eabi/lib/thumb/v7-m\libc_nano.a(lib_a-nano-svfprintf.o) (memchr)
c:/st/stm32cubeide_1.4.0/stm32cubeide/plugins/com.st.stm32cube.ide.mcu.externaltools.gnu-tools-for-stm32.7-2018-q2-update.win32_1.4.0.202007081208/tools/bin/../lib/gcc/arm-none-eabi/7.3.1/../../../../arm-none-eabi/lib/thumb/v7-m\libc_nano.a(lib_a-memcpy-stub.o)
[...]
Memory Configuration

Name             Origin             Length             Attributes
RAM              0x0000000020000000 0x0000000000002800 xrw
ROM              0x0000000008000000 0x0000000000008000 xr
*default*        0x0000000000000000 0xffffffffffffffff

Linker script and memory map

LOAD c:/st/stm32cubeide_1.4.0/stm32cubeide/plugins/com.st.stm32cube.ide.mcu.externaltools.gnu-tools-for-stm32.7-2018-q2-update.win32_1.4.0.202007081208/tools/bin/../lib/gcc/arm-none-eabi/7.3.1/thumb/v7-m/crti.o
LOAD c:/st/stm32cubeide_1.4.0/stm32cubeide/plugins/com.st.stm32cube.ide.mcu.externaltools.gnu-tools-for-stm32.7-2018-q2-update.win32_1.4.0.202007081208/tools/bin/../lib/gcc/arm-none-eabi/7.3.1/thumb/v7-m/crtbegin.o
LOAD c:/st/stm32cubeide_1.4.0/stm32cubeide/plugins/com.st.stm32cube.ide.mcu.externaltools.gnu-tools-for-stm32.7-2018-q2-update.win32_1.4.0.202007081208/tools/bin/../lib/gcc/arm-none-eabi/7.3.1/../../../../arm-none-eabi/lib/thumb/v7-m/crt0.o
LOAD HAL/KeyPad/KEYPAD.o
LOAD HAL/LCD/LCD.o
LOAD HAL/SevenSegment/SevenSegment.o
LOAD Src/main.o
LOAD Src/syscalls.o
LOAD Src/sysmem.o
LOAD Startup/startup_stm32f103c6tx.o
LOAD stm32f103c6_Drivers/GPIO_Driver/stm32f103c6_GPIO_Driver.o
START GROUP
LOAD c:/st/stm32cubeide_1.4.0/stm32cubeide/plugins/com.st.stm32cube.ide.mcu.externaltools.gnu-tools-for-stm32.7-2018-q2-update.win32_1.4.0.202007081208/tools/bin/../lib/gcc/arm-none-eabi/7.3.1/../../../../arm-none-eabi/lib/thumb/v7-m\libc_nano.a
LOAD c:/st/stm32cubeide_1.4.0/stm32cubeide/plugins/com.st.stm32cube.ide.mcu.externaltools.gnu-tools-for-stm32.7-2018-q2-update.win32_1.4.0.202007081208/tools/bin/../lib/gcc/arm-none-eabi/7.3.1/../../../../arm-none-eabi/lib/thumb/v7-m\libm.a
END GROUP
START GROUP
LOAD c:/st/stm32cubeide_1.4.0/stm32cubeide/plugins/com.st.stm32cube.ide.mcu.externaltools.gnu-tools-for-stm32.7-2018-q2-update.win32_1.4.0.202007081208/tools/bin/../lib/gcc/arm-none-eabi/7.3.1/thumb/v7-m\libgcc.a
LOAD c:/st/stm32cubeide_1.4.0/stm32cubeide/plugins/com.st.stm32cube.ide.mcu.externaltools.gnu-tools-for-stm32.7-2018-q2-update.win32_1.4.0.202007081208/tools/bin/../lib/gcc/arm-none-eabi/7.3.1/../../../../arm-none-eabi/lib/thumb/v7-m\libg_nano.a
LOAD c:/st/stm32cubeide_1.4.0/stm32cubeide/plugins/com.st.stm32cube.ide.mcu.externaltools.gnu-tools-for-stm32.7-2018-q2-update.win32_1.4.0.202007081208/tools/bin/../lib/gcc/arm-none-eabi/7.3.1/../../../../arm-none-eabi/lib/thumb/v7-m\libc_nano.a
END GROUP
START GROUP
LOAD c:/st/stm32cubeide_1.4.0/stm32cubeide/plugins/com.st.stm32cube.ide.mcu.externaltools.gnu-tools-for-stm32.7-2018-q2-update.win32_1.4.0.202007081208/tools/bin/../lib/gcc/arm-none-eabi/7.3.1/thumb/v7-m\libgcc.a
LOAD c:/st/stm32cubeide_1.4.0/stm32cubeide/plugins/com.st.stm32cube.ide.mcu.externaltools.gnu-tools-for-stm32.7-2018-q2-update.win32_1.4.0.202007081208/tools/bin/../lib/gcc/arm-none-eabi/7.3.1/../../../../arm-none-eabi/lib/thumb/v7-m\libc_nano.a
LOAD c:/st/stm32cubeide_1.4.0/stm32cubeide/plugins/com.st.stm32cube.ide.mcu.externaltools.gnu-tools-for-stm32.7-2018-q2-update.win32_1.4.0.202007081208/tools/bin/../lib/gcc/arm-none-eabi/7.3.1/../../../../arm-none-eabi/lib/thumb/v7-m\libnosys.a
END GROUP
START GROUP
LOAD c:/st/stm32cubeide_1.4.0/stm32cubeide/plugins/com.st.stm32cube.ide.mcu.externaltools.gnu-tools-for-stm32.7-2018-q2-update.win32_1.4.0.202007081208/tools/bin/../lib/gcc/arm-none-eabi/7.3.1/thumb/v7-m\libgcc.a
LOAD c:/st/stm32cubeide_1.4.0/stm32cubeide/plugins/com.st.stm32cube.ide.mcu.externaltools.gnu-tools-for-stm32.7-2018-q2-update.win32_1.4.0.202007081208/tools/bin/../lib/gcc/arm-none-eabi/7.3.1/../../../../arm-none-eabi/lib/thumb/v7-m\libc_nano.a
LOAD c:/st/stm32cubeide_1.4.0/stm32cubeide/plugins/com.st.stm32cube.ide.mcu.externaltools.gnu-tools-for-stm32.7-2018-q2-update.win32_1.4.0.202007081208/tools/bin/../lib/gcc/arm-none-eabi/7.3.1/../../../../arm-none-eabi/lib/thumb/v7-m\libnosys.a
END GROUP
LOAD c:/st/stm32cubeide_1.4.0/stm32cubeide/plugins/com.st.stm32cube.ide.mcu.externaltools.gnu-tools-for-stm32.7-2018-q2-update.win32_1.4.0.202007081208/tools/bin/../lib/gcc/arm-none-eabi/7.3.1/thumb/v7-m/crtend.o
LOAD c:/st/stm32cubeide_1.4.0/stm32cubeide/plugins/com.st.stm32cube.ide.mcu.externaltools.gnu-tools-for-stm32.7-2018-q2-update.win32_1.4.0.202007081208/tools/bin/../lib/gcc/arm-none-eabi/7.3.1/thumb/v7-m/crtn.o
                0x0000000020002800                _estack = (ORIGIN (RAM) + LENGTH (RAM))
                0x0000000000000200                _Min_Heap_Size = 0x200
                0x0000000000000400                _Min_Stack_Size = 0x400

.isr_vector     0x0000000008000000      0x130
                0x0000000008000000                . = ALIGN (0x4)
 *(.isr_vector)
 .isr_vector    0x0000000008000000      0x130 Startup/startup_stm32f103c6tx.o
                0x0000000008000000                g_pfnVectors
                0x0000000008000130                . = ALIGN (0x4)

.text           0x0000000008000130      0x878
                0x0000000008000130                . = ALIGN (0x4)
 *(.text)
 .text          0x0000000008000130       0x40 c:/st/stm32cubeide_1.4.0/stm32cubeide/plugins/com.st.stm32cube.ide.mcu.externaltools.gnu-tools-for-stm32.7-2018-q2-update.win32_1.4.0.202007081208/tools/bin/../lib/gcc/arm-none-eabi/7.3.1/thumb/v7-m/crtbegin.o
 *(.text*)
 .text.HAL_Keypad_Init
                0x0000000008000170       0xd4 HAL/KeyPad/KEYPAD.o
                0x0000000008000170                HAL_Keypad_Init
 .text.Delay_ms
                0x0000000008000244       0x38 HAL/LCD/LCD.o
                0x0000000008000244                Delay_ms
 .text.config_LCD_Pin_INPUT
                0x000000000800027c       0x48 HAL/LCD/LCD.o
                0x000000000800027c                config_LCD_Pin_INPUT
 .text.config_LCD_Pin_OUTPUT
                0x00000000080002c4       0x4c HAL/LCD/LCD.o
                0x00000000080002c4                config_LCD_Pin_OUTPUT
 .text.HAL_LCD_Isbusy
                0x0000000008000310       0x3c HAL/LCD/LCD.o
                0x0000000008000310                HAL_LCD_Isbusy
 .text.HAL_LCD_Init
                0x000000000800034c       0xb0 HAL/LCD/LCD.o
                0x000000000800034c                HAL_LCD_Init
 .text.HAL_LCD_Kick
                0x00000000080003fc       0x2c HAL/LCD/LCD.o
                0x00000000080003fc                HAL_LCD_Kick
 .text.HAL_LCD_CMD
                0x0000000008000428       0x44 HAL/LCD/LCD.o
                0x0000000008000428                HAL_LCD_CMD
 .text.HAL_LCD_Send_char
                0x000000000800046c       0x50 HAL/LCD/LCD.o
                0x000000000800046c                HAL_LCD_Send_char
 .text.HAL_LCD_Send_str
                0x00000000080004bc       0x5e HAL/LCD/LCD.o
                0x00000000080004bc                HAL_LCD_Send_str
 .text.HAL_LCD_Clear_Screen
                0x000000000800051a        0xe HAL/LCD/LCD.o
                0x000000000800051a                HAL_LCD_Clear_Screen
 .text.HAL_LCD_GotoXY
                0x0000000008000528       0x4a HAL/LCD/LCD.o
                0x0000000008000528                HAL_LCD_GotoXY
 *fill*         0x0000000008000572        0x2 
 .text.HAL_SevenSegment_Init
                0x0000000008000574       0x4c HAL/SevenSegment/SevenSegment.o
                0x0000000008000574                HAL_SevenSegment_Init
 .text.HAL_SevenSegment_Display
                0x00000000080005c0       0x28 HAL/SevenSegment/SevenSegment.o
                0x00000000080005c0                HAL_SevenSegment_Display
 .text.Clock_init
                0x00000000080005e8       0x28 Src/main.o
                0x00000000080005e8                Clock_init
 .text.main     0x0000000008000610       0xac Src/main.o
                0x0000000008000610                main
 .text.Reset_Handler
                0x00000000080006bc       0x50 Startup/startup_stm32f103c6tx.o
                0x00000000080006bc                Reset_Handler
 .text.Default_Handler
                0x000000000800070c        0x2 Startup/startup_stm32f103c6tx.o
                0x000000000800070c                EXTI2_IRQHandler
                0x000000000800070c                TIM8_TRG_COM_IRQHandler
                0x000000000800070c                TIM8_CC_IRQHandler
                0x000000000800070c                DebugMon_Handler
                0x000000000800070c                TIM1_CC_IRQHandler
                0x000000000800070c                HardFault_Handler
                0x000000000800070c                TIM6_IRQHandler
                0x000000000800070c                SysTick_Handler
                0x000000000800070c                PVD_IRQHandler
                0x000000000800070c                SDIO_IRQHandler
                0x000000000800070c                PendSV_Handler
                0x000000000800070c                NMI_Handler
                0x000000000800070c                EXTI3_IRQHandler
                0x000000000800070c                USB_HP_CAN_TX_IRQHandler
                0x000000000800070c                EXTI0_IRQHandler
                0x000000000800070c                I2C2_EV_IRQHandler
                0x000000000800070c                UsageFault_Handler
                0x000000000800070c                ADC1_2_IRQHandler
                0x000000000800070c                SPI1_IRQHandler
                0x000000000800070c                CAN_SCE_IRQHandler
                0x000000000800070c                TAMPER_IRQHandler
                0x000000000800070c                TIM8_UP_IRQHandler
                0x000000000800070c                DMA2_Channel2_IRQHandler
                0x000000000800070c                DMA1_Channel4_IRQHandler
                0x000000000800070c                USART3_IRQHandler
                0x000000000800070c                RTC_IRQHandler
                0x000000000800070c                DMA1_Channel7_IRQHandler
                0x000000000800070c                UART5_IRQHandler
                0x000000000800070c                ADC3_IRQHandler
                0x000000000800070c                TIM4_IRQHandler
                0x000000000800070c                CAN_RX1_IRQHandler
                0x000000000800070c                DMA2_Channel1_IRQHandler
                0x000000000800070c                I2C1_EV_IRQHandler
                0x000000000800070c                DMA1_Channel6_IRQHandler
                0x000000000800070c                UART4_IRQHandler
                0x000000000800070c                TIM3_IRQHandler
                0x000000000800070c                RCC_IRQHandler
                0x000000000800070c                TIM1_TRG_COM_IRQHandler
                0x000000000800070c                DMA1_Channel1_IRQHandler
                0x000000000800070c                Default_Handler
                0x000000000800070c                EXTI15_10_IRQHandler
                0x000000000800070c                TIM7_IRQHandler
                0x000000000800070c                TIM5_IRQHandler
                0x000000000800070c                EXTI9_5_IRQHandler
                0x000000000800070c                SPI2_IRQHandler
                0x000000000800070c                USB_LP_CAN_RX0_IRQHandler
                0x000000000800070c                MemManage_Handler
                0x000000000800070c                SVC_Handler
                0x000000000800070c                DMA1_Channel5_IRQHandler
                0x000000000800070c                EXTI4_IRQHandler
                0x000000000800070c                DMA1_Channel3_IRQHandler
                0x000000000800070c                FSMC_IRQHandler
                0x000000000800070c                TIM1_UP_IRQHandler
                0x000000000800070c                WWDG_IRQHandler
                0x000000000800070c                TIM2_IRQHandler
                0x000000000800070c                TIM1_BRK_IRQHandler
                0x000000000800070c                EXTI1_IRQHandler
                0x000000000800070c                RTCAlarm_IRQHandler
                0x000000000800070c                DMA2_Channel4_5_IRQHandler
                0x000000000800070c                USART2_IRQHandler
                0x000000000800070c                I2C2_ER_IRQHandler
                0x000000000800070c                DMA1_Channel2_IRQHandler
                0x000000000800070c                TIM8_BRK_IRQHandler
                0x000000000800070c                FLASH_IRQHandler
                0x000000000800070c                BusFault_Handler
                0x000000000800070c                USART1_IRQHandler
                0x000000000800070c                SPI3_IRQHandler
                0x000000000800070c                I2C1_ER_IRQHandler
                0x000000000800070c                DMA2_Channel3_IRQHandler
 .text.GetPinPosition
                0x000000000800070e       0xc6 stm32f103c6_Drivers/GPIO_Driver/stm32f103c6_GPIO_Driver.o
                0x000000000800070e                GetPinPosition
 .text.MCAL_GPIO_Init
                0x00000000080007d4      0x120 stm32f103c6_Drivers/GPIO_Driver/stm32f103c6_GPIO_Driver.o
                0x00000000080007d4                MCAL_GPIO_Init
 .text.MCAL_GPIO_WritePin
                0x00000000080008f4       0x36 stm32f103c6_Drivers/GPIO_Driver/stm32f103c6_GPIO_Driver.o
                0x00000000080008f4                MCAL_GPIO_WritePin
 .text.MCAL_GPIO_WritePort
                0x000000000800092a       0x1e stm32f103c6_Drivers/GPIO_Driver/stm32f103c6_GPIO_Driver.o
                0x000000000800092a                MCAL_GPIO_WritePort
 .text.__libc_init_array
                0x0000000008000948       0x48 c:/st/stm32cubeide_1.4.0/stm32cubeide/plugins/com.st.stm32cube.ide.mcu.externaltools.gnu-tools-for-stm32.7-2018-q2-update.win32_1.4.0.202007081208/tools/bin/../lib/gcc/arm-none-eabi/7.3.1/../../../../arm-none-eabi/lib/thumb/v7-m\libc_nano.a(lib_a-init.o)
                0x0000000008000948                __libc_init_array
 *(.glue_7)
 .glue_7        0x0000000008000990        0x0 linker stubs
 *(.glue_7t)
 .glue_7t       0x0000000008000990        0x0 linker stubs
 *(.eh_frame)
 .eh_frame      0x0000000008000990        0x0 c:/st/stm32cubeide_1.4.0/stm32cubeide/plugins/com.st.stm32cube.ide.mcu.externaltools.gnu-tools-for-stm32.7-2018-q2-update.win32_1.4.0.202007081208/tools/bin/../lib/gcc/arm-none-eabi/7.3.1/thumb/v7-m/crtbegin.o
 *(.init)
 .init          0x0000000008000990        0x4 c:/st/stm32cubeide_1.4.0/stm32cubeide/plugins/com.st.stm32cube.ide.mcu.externaltools.gnu-tools-for-stm32.7-2018-q2-update.win32_1.4.0.202007081208/tools/bin/../lib/gcc/arm-none-eabi/7.3.1/thumb/v7-m/crti.o
                0x0000000008000990                _init
 .init          0x0000000008000994        0x8 c:/st/stm32cubeide_1.4.0/stm32cubeide/plugins/com.st.stm32cube.ide.mcu.externaltools.gnu-tools-for-stm32.7-2018-q2-update.win32_1.4.0.202007081208/tools/bin/../lib/gcc/arm-none-eabi/7.3.1/thumb/v7-m/crtn.o
 *(.fini)
 .fini          0x000000000800099c        0x4 c:/st/stm32cubeide_1.4.0/stm32cubeide/plugins/com.st.stm32cube.ide.mcu.externaltools.gnu-tools-for-stm32.7-2018-q2-update.win32_1.4.0.202007081208/tools/bin/../lib/gcc/arm-none-eabi/7.3.1/thumb/v7-m/crti.o
                0x000000000800099c                _fini
 .fini          0x00000000080009a0        0x8 c:/st/stm32cubeide_1.4.0/stm32cubeide/plugins/com.st.stm32cube.ide.mcu.externaltools.gnu-tools-for-stm32.7-2018-q2-update.win32_1.4.0.202007081208/tools/bin/../lib/gcc/arm-none-eabi/7.3.1/thumb/v7-m/crtn.o
                0x00000000080009a8                . = ALIGN (0x4)
                0x00000000080009a8                _etext = .

.vfp11_veneer   0x00000000080009a8        0x0
 .vfp11_veneer  0x00000000080009a8        0x0 linker stubs

.v4_bx          0x00000000080009a8        0x0
 .v4_bx         0x00000000080009a8        0x0 linker stubs

.iplt           0x00000000080009a8        0x0
 .iplt          0x00000000080009a8        0x0 c:/st/stm32cubeide_1.4.0/stm32cubeide/plugins/com.st.stm32cube.ide.mcu.externaltools.gnu-tools-for-stm32.7-2018-q2-update.win32_1.4.0.202007081208/tools/bin/../lib/gcc/arm-none-eabi/7.3.1/thumb/v7-m/crtbegin.o

.rodata         0x00000000080009a8        0x8
                0x00000000080009a8                . = ALIGN (0x4)
 *(.rodata)
 .rodata        0x00000000080009a8        0x8 Src/main.o
 *(.rodata*)
                0x00000000080009b0                . = ALIGN (0x4)

.rel.dyn        0x00000000080009b0        0x0
 .rel.iplt      0x00000000080009b0        0x0 c:/st/stm32cubeide_1.4.0/stm32cubeide/plugins/com.st.stm32cube.ide.mcu.externaltools.gnu-tools-for-stm32.7-2018-q2-update.win32_1.4.0.202007081208/tools/bin/../lib/gcc/arm-none-eabi/7.3.1/thumb/v7-m/crtbegin.o

.ARM.extab      0x00000000080009b0        0x0
                0x00000000080009b0                . = ALIGN (0x4)
 *(.ARM.extab* .gnu.linkonce.armextab.*)
                0x00000000080009b0                . = ALIGN (0x4)

.ARM            0x00000000080009b0        0x0
                0x00000000080009b0                . = ALIGN (0x4)
                0x00000000080009b0                __exidx_start = .
 *(.ARM.exidx*)
                0x00000000080009b0                __exidx_end = .
                0x00000000080009b0                . = ALIGN (0x4)

.preinit_array  0x00000000080009b0        0x0
                0x00000000080009b0                . = ALIGN (0x4)
                0x00000000080009b0                PROVIDE (__preinit_array_start = .)
 *(.preinit_array*)
                0x00000000080009b0                PROVIDE (__preinit_array_end = .)
                0x00000000080009b0                . = ALIGN (0x4)

.init_array     0x00000000080009b0        0x4
                0x00000000080009b0                . = ALIGN (0x4)
                0x00000000080009b0                PROVIDE (__init_array_start = .)
 *(SORT_BY_NAME(.init_array.*))
 *(.init_array*)
 .init_array    0x00000000080009b0        0x4 c:/st/stm32cubeide_1.4.0/stm32cubeide/plugins/com.st.stm32cube.ide.mcu.externaltools.gnu-tools-for-stm32.7-2018-q2-update.win32_1.4.0.202007081208/tools/bin/../lib/gcc/arm-none-eabi/7.3.1/thumb/v7-m/crtbegin.o
                0x00000000080009b4                PROVIDE (__init_array_end = .)
                0x00000000080009b4                . = ALIGN (0x4)

.fini_array     0x00000000080009b4        0x4
                0x00000000080009b4                . = ALIGN (0x4)
                [!provide]                        PROVIDE (__fini_array_start = .)
 *(SORT_BY_NAME(.fini_array.*))
 *(.fini_array*)
 .fini_array    0x00000000080009b4        0x4 c:/st/stm32cubeide_1.4.0/stm32cubeide/plugins/com.st.stm32cube.ide.mcu.externaltools.gnu-tools-for-stm32.7-2018-q2-update.win32_1.4.0.202007081208/tools/bin/../lib/gcc/arm-none-eabi/7.3.1/thumb/v7-m/crtbegin.o
                [!provide]                        PROVIDE (__fini_array_end = .)
                0x00000000080009b8                . = ALIGN (0x4)
                0x00000000080009b8                _sidata = LOADADDR (.data)

.data           0x0000000020000000       0x20 load address 0x00000000080009b8
                0x0000000020000000                . = ALIGN (0x4)
                0x0000000020000000                _sdata = .
 *(.data)
 *(.data*)
 .data.LCD_DataPins
                0x0000000020000000       0x10 HAL/LCD/LCD.o
                0x0000000020000000                LCD_DataPins
 .data.SevenSegment_Pins
                0x0000000020000010        0xe HAL/SevenSegment/SevenSegment.o
                0x0000000020000010                SevenSegment_Pins
                0x0000000020000020                . = ALIGN (0x4)
 *fill*         0x000000002000001e        0x2 
                0x0000000020000020                _edata = .

.igot.plt       0x0000000020000020        0x0 load address 0x00000000080009d8
 .igot.plt      0x0000000020000020        0x0 c:/st/stm32cubeide_1.4.0/stm32cubeide/plugins/com.st.stm32cube.ide.mcu.externaltools.gnu-tools-for-stm32.7-2018-q2-update.win32_1.4.0.202007081208/tools/bin/../lib/gcc/arm-none-eabi/7.3.1/thumb/v7-m/crtbegin.o
                0x0000000020000020                . = ALIGN (0x4)

.bss            0x0000000020000020       0x20 load address 0x00000000080009d8
                0x0000000020000020                _sbss = .
                0x0000000020000020                __bss_start__ = _sbss
 *(.bss)
 .bss           0x0000000020000020       0x1c c:/st/stm32cubeide_1.4.0/stm32cubeide/plugins/com.st.stm32cube.ide.mcu.externaltools.gnu-tools-for-stm32.7-2018-q2-update.win32_1.4.0.202007081208/tools/bin/../lib/gcc/arm-none-eabi/7.3.1/thumb/v7-m/crtbegin.o
 *(.bss*)
 *(COMMON)
 COMMON         0x000000002000003c        0x4 HAL/KeyPad/KEYPAD.o
                0x000000002000003c                PinConfig
                0x0000000020000040                . = ALIGN (0x4)
                0x0000000020000040                _ebss = .
                0x0000000020000040                __bss_end__ = _ebss

._user_heap_stack
                0x0000000020000040      0x600 load address 0x00000000080009d8
                0x0000000020000040                . = ALIGN (0x8)
                [!provide]                        PROVIDE (end = .)
                0x0000000020000040                PROVIDE (_end = .)
                0x0000000020000240                . = (. + _Min_Heap_Size)
 *fill*         0x0000000020000040      0x200 
                0x0000000020000640                . = (. + _Min_Stack_Size)
 *fill*         0x0000000020000240      0x400 
                0x0000000020000640                . = ALIGN (0x8)

/DISCARD/
 libc.a(*)
 libm.a(*)
 libgcc.a(*)

.ARM.attributes
                0x0000000000000000       0x29
 *(.ARM.attributes)
 .ARM.attributes
                0x0000000000000000       0x1d c:/st/stm32cubeide_1.4.0/stm32cubeide/plugins/com.st.stm32cube.ide.mcu.externaltools.gnu-tools-for-stm32.7-2018-q2-update.win32_1.4.0.202007081208/tools/bin/../lib/gcc/arm-none-eabi/7.3.1/thumb/v7-m/crti.o
 .ARM.attributes
                0x000000000000001d       0x2d c:/st/stm32cubeide_1.4.0/stm32cubeide/plugins/com.st.stm32cube.ide.mcu.externaltools.gnu-tools-for-stm32.7-2018-q2-update.win32_1.4.0.202007081208/tools/bin/../lib/gcc/arm-none-eabi/7.3.1/thumb/v7-m/crtbegin.o
 .ARM.attributes
                0x000000000000004a       0x33 HAL/KeyPad/KEYPAD.o
 .ARM.attributes
                0x000000000000007d       0x33 HAL/LCD/LCD.o
 .ARM.attributes
                0x00000000000000b0       0x33 HAL/SevenSegment/SevenSegment.o
 .ARM.attributes
                0x00000000000000e3       0x33 Src/main.o
 .ARM.attributes
                0x0000000000000116       0x21 Startup/startup_stm32f103c6tx.o
 .ARM.attributes
                0x0000000000000137       0x33 stm32f103c6_Drivers/GPIO_Driver/stm32f103c6_GPIO_Driver.o
 .ARM.attributes
                0x000000000000016a       0x2d c:/st/stm32cubeide_1.4.0/stm32cubeide/plugins/com.st.stm32cube.ide.mcu.externaltools.gnu-tools-for-stm32.7-2018-q2-update.win32_1.4.0.202007081208/tools/bin/../lib/gcc/arm-none-eabi/7.3.1/../../../../arm-none-eabi/lib/thumb/v7-m\libc_nano.a(lib_a-init.o)
 .ARM.attributes
                0x0000000000000197       0x1d c:/st/stm32cubeide_1.4.0/stm32cubeide/plugins/com.st.stm32cube.ide.mcu.externaltools.gnu-tools-for-stm32.7-2018-q2-update.win32_1.4.0.202007081208/tools/bin/../lib/gcc/arm-none-eabi/7.3.1/thumb/v7-m/crtn.o
OUTPUT(Integreate KeyPad_LCD.elf elf32-littlearm)

.debug_info     0x0000000000000000     0x3ba8
 .debug_info    0x0000000000000000      0xb19 HAL/KeyPad/KEYPAD.o
 .debug_info    0x0000000000000b19      0xd35 HAL/LCD/LCD.o
 .debug_info    0x000000000000184e      0xb1b HAL/SevenSegment/SevenSegment.o
 .debug_info    0x0000000000002369      0xa8c Src/main.o
 .debug_info    0x0000000000002df5       0x22 Startup/startup_stm32f103c6tx.o
 .debug_info    0x0000000000002e17      0xd91 stm32f103c6_Drivers/GPIO_Driver/stm32f103c6_GPIO_Driver.o

.debug_abbrev   0x0000000000000000      0x930
 .debug_abbrev  0x0000000000000000      0x1aa HAL/KeyPad/KEYPAD.o
 .debug_abbrev  0x00000000000001aa      0x20e HAL/LCD/LCD.o
 .debug_abbrev  0x00000000000003b8      0x1b7 HAL/SevenSegment/SevenSegment.o
 .debug_abbrev  0x000000000000056f      0x195 Src/main.o
 .debug_abbrev  0x0000000000000704       0x12 Startup/startup_stm32f103c6tx.o
 .debug_abbrev  0x0000000000000716      0x21a stm32f103c6_Drivers/GPIO_Driver/stm32f103c6_GPIO_Driver.o

.debug_loc      0x0000000000000000      0x849
 .debug_loc     0x0000000000000000       0x7c HAL/KeyPad/KEYPAD.o
 .debug_loc     0x000000000000007c      0x38d HAL/LCD/LCD.o
 .debug_loc     0x0000000000000409       0xa0 HAL/SevenSegment/SevenSegment.o
 .debug_loc     0x00000000000004a9       0x70 Src/main.o
 .debug_loc     0x0000000000000519      0x330 stm32f103c6_Drivers/GPIO_Driver/stm32f103c6_GPIO_Driver.o

.debug_aranges  0x0000000000000000      0x180
 .debug_aranges
                0x0000000000000000       0x28 HAL/KeyPad/KEYPAD.o
 .debug_aranges
                0x0000000000000028       0x80 HAL/LCD/LCD.o
 .debug_aranges
                0x00000000000000a8       0x28 HAL/SevenSegment/SevenSegment.o
 .debug_aranges
                0x00000000000000d0       0x28 Src/main.o
 .debug_aranges
                0x00000000000000f8       0x28 Startup/startup_stm32f103c6tx.o
 .debug_aranges
                0x0000000000000120       0x60 stm32f103c6_Drivers/GPIO_Driver/stm32f103c6_GPIO_Driver.o

.debug_ranges   0x0000000000000000      0x128
 .debug_ranges  0x0000000000000000       0x18 HAL/KeyPad/KEYPAD.o
 .debug_ranges  0x0000000000000018       0x70 HAL/LCD/LCD.o
 .debug_ranges  0x0000000000000088       0x18 HAL/SevenSegment/SevenSegment.o
 .debug_ranges  0x00000000000000a0       0x18 Src/main.o
 .debug_ranges  0x00000000000000b8       0x20 Startup/startup_stm32f103c6tx.o
 .debug_ranges  0x00000000000000d8       0x50 stm32f103c6_Drivers/GPIO_Driver/stm32f103c6_GPIO_Driver.o

.debug_macro    0x0000000000000000     0x2925
 .debug_macro   0x0000000000000000      0x152 HAL/KeyPad/KEYPAD.o
 .debug_macro   0x0000000000000152      0xa60 HAL/KeyPad/KEYPAD.o
 .debug_macro   0x0000000000000bb2       0x18 HAL/KeyPad/KEYPAD.o
 .debug_macro   0x0000000000000bca       0x22 HAL/KeyPad/KEYPAD.o
 .debug_macro   0x0000000000000bec       0x40 HAL/KeyPad/KEYPAD.o
 .debug_macro   0x0000000000000c2c       0x94 HAL/KeyPad/KEYPAD.o
 .debug_macro   0x0000000000000cc0       0x3c HAL/KeyPad/KEYPAD.o
 .debug_macro   0x0000000000000cfc       0x34 HAL/KeyPad/KEYPAD.o
 .debug_macro   0x0000000000000d30       0x16 HAL/KeyPad/KEYPAD.o
 .debug_macro   0x0000000000000d46      0x10e HAL/KeyPad/KEYPAD.o
 .debug_macro   0x0000000000000e54       0x8d HAL/KeyPad/KEYPAD.o
 .debug_macro   0x0000000000000ee1       0x57 HAL/KeyPad/KEYPAD.o
 .debug_macro   0x0000000000000f38       0x52 HAL/KeyPad/KEYPAD.o
 .debug_macro   0x0000000000000f8a       0x1f HAL/KeyPad/KEYPAD.o
 .debug_macro   0x0000000000000fa9       0x43 HAL/KeyPad/KEYPAD.o
 .debug_macro   0x0000000000000fec       0x20 HAL/KeyPad/KEYPAD.o
 .debug_macro   0x000000000000100c      0x1a3 HAL/KeyPad/KEYPAD.o
 .debug_macro   0x00000000000011af      0x330 HAL/KeyPad/KEYPAD.o
 .debug_macro   0x00000000000014df       0x16 HAL/KeyPad/KEYPAD.o
 .debug_macro   0x00000000000014f5       0x29 HAL/KeyPad/KEYPAD.o
 .debug_macro   0x000000000000151e       0xef HAL/KeyPad/KEYPAD.o
 .debug_macro   0x000000000000160d       0x6a HAL/KeyPad/KEYPAD.o
 .debug_macro   0x0000000000001677      0x1df HAL/KeyPad/KEYPAD.o
 .debug_macro   0x0000000000001856       0xce HAL/KeyPad/KEYPAD.o
 .debug_macro   0x0000000000001924       0xb8 HAL/KeyPad/KEYPAD.o
 .debug_macro   0x00000000000019dc       0x3a HAL/KeyPad/KEYPAD.o
 .debug_macro   0x0000000000001a16      0x21d HAL/LCD/LCD.o
 .debug_macro   0x0000000000001c33       0x16 HAL/LCD/LCD.o
 .debug_macro   0x0000000000001c49       0x97 HAL/LCD/LCD.o
 .debug_macro   0x0000000000001ce0       0xfd HAL/LCD/LCD.o
 .debug_macro   0x0000000000001ddd       0x10 HAL/LCD/LCD.o
 .debug_macro   0x0000000000001ded       0x10 HAL/LCD/LCD.o
 .debug_macro   0x0000000000001dfd       0x1c HAL/LCD/LCD.o
 .debug_macro   0x0000000000001e19       0x52 HAL/LCD/LCD.o
 .debug_macro   0x0000000000001e6b       0x40 HAL/LCD/LCD.o
 .debug_macro   0x0000000000001eab       0x10 HAL/LCD/LCD.o
 .debug_macro   0x0000000000001ebb       0x40 HAL/LCD/LCD.o
 .debug_macro   0x0000000000001efb       0xd7 HAL/LCD/LCD.o
 .debug_macro   0x0000000000001fd2       0x1c HAL/LCD/LCD.o
 .debug_macro   0x0000000000001fee       0x3d HAL/LCD/LCD.o
 .debug_macro   0x000000000000202b       0x16 HAL/LCD/LCD.o
 .debug_macro   0x0000000000002041      0x145 HAL/LCD/LCD.o
 .debug_macro   0x0000000000002186       0x35 HAL/LCD/LCD.o
 .debug_macro   0x00000000000021bb      0x178 HAL/LCD/LCD.o
 .debug_macro   0x0000000000002333      0x152 HAL/SevenSegment/SevenSegment.o
 .debug_macro   0x0000000000002485       0x82 HAL/SevenSegment/SevenSegment.o
 .debug_macro   0x0000000000002507      0x237 Src/main.o
 .debug_macro   0x000000000000273e       0x1c Src/main.o
 .debug_macro   0x000000000000275a       0x88 Src/main.o
 .debug_macro   0x00000000000027e2      0x143 stm32f103c6_Drivers/GPIO_Driver/stm32f103c6_GPIO_Driver.o

.debug_line     0x0000000000000000     0x2158
 .debug_line    0x0000000000000000      0x66e HAL/KeyPad/KEYPAD.o
 .debug_line    0x000000000000066e      0x792 HAL/LCD/LCD.o
 .debug_line    0x0000000000000e00      0x578 HAL/SevenSegment/SevenSegment.o
 .debug_line    0x0000000000001378      0x70c Src/main.o
 .debug_line    0x0000000000001a84       0x84 Startup/startup_stm32f103c6tx.o
 .debug_line    0x0000000000001b08      0x650 stm32f103c6_Drivers/GPIO_Driver/stm32f103c6_GPIO_Driver.o

.debug_str      0x0000000000000000     0x9230
 .debug_str     0x0000000000000000     0x756c HAL/KeyPad/KEYPAD.o
                                       0x77cd (size before relaxing)
 .debug_str     0x000000000000756c     0x186d HAL/LCD/LCD.o
                                       0x8f6b (size before relaxing)
 .debug_str     0x0000000000008dd9      0x298 HAL/SevenSegment/SevenSegment.o
                                       0x7989 (size before relaxing)
 .debug_str     0x0000000000009071       0x57 Src/main.o
                                       0x90dc (size before relaxing)
 .debug_str     0x00000000000090c8       0x31 Startup/startup_stm32f103c6tx.o
                                         0x7d (size before relaxing)
 .debug_str     0x00000000000090f9      0x137 stm32f103c6_Drivers/GPIO_Driver/stm32f103c6_GPIO_Driver.o
                                       0x7873 (size before relaxing)

.comment        0x0000000000000000       0x7b
 .comment       0x0000000000000000       0x7b HAL/KeyPad/KEYPAD.o
                                         0x7c (size before relaxing)
 .comment       0x000000000000007b       0x7c HAL/LCD/LCD.o
 .comment       0x000000000000007b       0x7c HAL/SevenSegment/SevenSegment.o
 .comment       0x000000000000007b       0x7c Src/main.o
 .comment       0x000000000000007b       0x7c stm32f103c6_Drivers/GPIO_Driver/stm32f103c6_GPIO_Driver.o

.debug_frame    0x0000000000000000      0x464
 .debug_frame   0x0000000000000000       0x50 HAL/KeyPad/KEYPAD.o
 .debug_frame   0x0000000000000050      0x1d0 HAL/LCD/LCD.o
 .debug_frame   0x0000000000000220       0x58 HAL/SevenSegment/SevenSegment.o
 .debug_frame   0x0000000000000278       0x4c Src/main.o
 .debug_frame   0x00000000000002c4      0x174 stm32f103c6_Drivers/GPIO_Driver/stm32f103c6_GPIO_Driver.o
 .debug_frame   0x0000000000000438       0x2c c:/st/stm32cubeide_1.4.0/stm32cubeide/plugins/com.st.stm32cube.ide.mcu.externaltools.gnu-tools-for-stm32.7-2018-q2-update.win32_1.4.0.202007081208/tools/bin/../lib/gcc/arm-none-eabi/7.3.1/../../../../arm-none-eabi/lib/thumb/v7-m\libc_nano.a(lib_a-init.o)
