stm32f103c6_EXTI.c:41:6:Enable_NVIC	16	static
stm32f103c6_EXTI.c:87:6:Disable_NVIC	16	static
stm32f103c6_EXTI.c:136:6:Update_EXTI	24	static
stm32f103c6_EXTI.c:234:6:MCAL_EXTI_GPIO_Init	16	static
stm32f103c6_EXTI.c:246:6:MCAL_EXTI_GPIO_Denit	4	static
stm32f103c6_EXTI.c:276:6:MCAL_EXTI_GPIO_Update	16	static
stm32f103c6_EXTI.c:291:6:EXTI0_IRQHandler	8	static
stm32f103c6_EXTI.c:300:6:EXTI1_IRQHandler	8	static
stm32f103c6_EXTI.c:308:6:EXTI2_IRQHandler	8	static
stm32f103c6_EXTI.c:316:6:EXTI3_IRQHandler	8	static
stm32f103c6_EXTI.c:323:6:EXTI4_IRQHandler	8	static
stm32f103c6_EXTI.c:331:6:EXTI9_5_IRQHandler	8	static
stm32f103c6_EXTI.c:339:6:EXTI15_10_IRQHandler	8	static
